// Jest Snapshot v1, https://goo.gl/fbAQLP

exports[`FeaturedArticlesGrid component should render without crashing 1`] = `
<div>
  <section
    class="sc-kgflAQ HsGpL"
  >
    <div
      class="sc-fLlhyt eUxozV"
    >
      <div
        class="sc-bczRLJ bJuwle"
      >
        <div
          class="sc-bBrHrO eiyQrd"
        >
          <div
            class="sc-ivTmOn cPpDWF"
          >
            <div
              class="sc-cxabCf jlMXVw"
              data-testid="card-test-0"
            >
              <a
                href="/article/this-is-a-test"
              >
                <img
                  alt="This is a test"
                  src="hello.jpg"
                  title="This is a test"
                />
              </a>
              <h5>
                Test
              </h5>
              <a
                href="/article/this-is-a-test"
              >
                <h3>
                  This is a test
                </h3>
              </a>
              <p />
            </div>
            <div
              class="sc-cxabCf jlMXVw"
              data-testid="card-test-1"
            >
              <a
                href="/article/this-is-a-second-test"
              >
                <img
                  alt="This is a second test"
                  src="hello.jpg"
                  title="This is a second test"
                />
              </a>
              <h5>
                Test
              </h5>
              <a
                href="/article/this-is-a-second-test"
              >
                <h3>
                  This is a second test
                </h3>
              </a>
              <p />
            </div>
            <div
              class="sc-llJcti gpiUky"
              data-testid="fullcard-test"
            >
              <div
                class="sc-iIPllB"
              >
                <h5>
                  Test
                </h5>
                <a
                  href="/article/this-is-a-third-test"
                >
                  <h3>
                    This is a third test
                  </h3>
                </a>
                <p />
              </div>
              <div
                class="sc-iIPllB"
              >
                <a
                  href="/article/this-is-a-third-test"
                >
                  <img
                    alt="This is a third test"
                    src="hello.jpg"
                    title="This is a third test"
                  />
                </a>
              </div>
            </div>
          </div>
        </div>
      </div>
      <div
        class="sc-gicCDI hmRkji"
      >
        <a
          href="/browse/articles"
        >
          <h3>
            View all stories -&gt;
          </h3>
        </a>
      </div>
    </div>
  </section>
</div>
`;
