// Jest Snapshot v1, https://goo.gl/fbAQLP

exports[`Dashboard page should render without crashing 1`] = `
<div>
  <div
    class="sc-bczRLJ"
  >
    <div
      class="sc-gsnTZi"
    >
      <div
        class="sc-dkzDqf"
      >
        Dashboard
      </div>
    </div>
  </div>
</div>
`;
