// Jest Snapshot v1, https://goo.gl/fbAQLP

exports[`ImageUploader component should render without crashing 1`] = `
<div>
  <img
    class="sc-bczRLJ ekoizA"
    data-testid="preview-canvas"
    src="hello.jpg"
  />
  <label
    class="sc-gsnTZi kspNoQ"
    for="image-uploader"
  >
    <svg
      aria-hidden="true"
      class="StyledIconBase-ea9ulj-0 lbJwfL sc-hKMtZM dAfHWB"
      fill="currentColor"
      focusable="false"
      viewBox="0 0 24 24"
      xmlns="http://www.w3.org/2000/svg"
    >
      <path
        d="M0 0h24v24H0z"
        fill="none"
      />
      <path
        d="M21 15v3h3v2h-3v3h-2v-3h-3v-2h3v-3h2zm.008-12c.548 0 .992.445.992.993V13h-2V5H4v13.999L14 9l3 3v2.829l-3-3L6.827 19H14v2H2.992A.993.993 0 012 20.007V3.993A1 1 0 012.992 3h18.016zM8 7a2 2 0 110 4 2 2 0 010-4z"
      />
    </svg>
    Choose an image for your story
    <small>
      You can only upload images of .jpg, .jpeg and.png formats
    </small>
    <input
      accept=".jpg, .jpeg, .png"
      class="sc-dkzDqf hVKfRa"
      id="image-uploader"
      type="file"
    />
  </label>
</div>
`;
